
. use "TOSSE-R.dta", clear 

. factor q1 q2 q3 q4 q5 q6 q7 q8 q9 q10 q11 q12 q13 q14 q15 q16 q17 q18 q19 q20
>  q21 q22 q23 q24 q25 q26 q27 q28
(obs=231)

Factor analysis/correlation                      Number of obs    =        231
    Method: principal factors                    Retained factors =         15
    Rotation: (unrotated)                        Number of params =        315

    --------------------------------------------------------------------------
         Factor  |   Eigenvalue   Difference        Proportion   Cumulative
    -------------+------------------------------------------------------------
        Factor1  |      8.61897      6.37309            0.6208       0.6208
        Factor2  |      2.24589      1.14863            0.1618       0.7826
        Factor3  |      1.09726      0.03769            0.0790       0.8616
        Factor4  |      1.05957      0.43538            0.0763       0.9379
        Factor5  |      0.62419      0.22092            0.0450       0.9829
        Factor6  |      0.40326      0.01064            0.0290       1.0120
        Factor7  |      0.39262      0.07902            0.0283       1.0402
        Factor8  |      0.31360      0.08741            0.0226       1.0628
        Factor9  |      0.22620      0.00737            0.0163       1.0791
       Factor10  |      0.21883      0.06064            0.0158       1.0949
       Factor11  |      0.15818      0.01785            0.0114       1.1063
       Factor12  |      0.14034      0.05842            0.0101       1.1164
       Factor13  |      0.08191      0.03803            0.0059       1.1223
       Factor14  |      0.04389      0.02752            0.0032       1.1254
       Factor15  |      0.01637      0.03307            0.0012       1.1266
       Factor16  |     -0.01670      0.00690           -0.0012       1.1254
       Factor17  |     -0.02360      0.02097           -0.0017       1.1237
       Factor18  |     -0.04457      0.00770           -0.0032       1.1205
       Factor19  |     -0.05227      0.02031           -0.0038       1.1167
       Factor20  |     -0.07258      0.01096           -0.0052       1.1115
       Factor21  |     -0.08354      0.06694           -0.0060       1.1055
       Factor22  |     -0.15048      0.00107           -0.0108       1.0947
       Factor23  |     -0.15155      0.03268           -0.0109       1.0837
       Factor24  |     -0.18423      0.01831           -0.0133       1.0705
       Factor25  |     -0.20254      0.02198           -0.0146       1.0559
       Factor26  |     -0.22452      0.04539           -0.0162       1.0397
       Factor27  |     -0.26991      0.01147           -0.0194       1.0203
       Factor28  |     -0.28139            .           -0.0203       1.0000
    --------------------------------------------------------------------------
    LR test: independent vs. saturated: chi2(378) = 3003.37 Prob>chi2 = 0.0000

Factor loadings (pattern matrix) and unique variances

    --------------------------------------------------------------------------
        Variable |  Factor1   Factor2   Factor3   Factor4   Factor5   Factor6 
    -------------+------------------------------------------------------------
              q1 |   0.6713   -0.3279   -0.0622    0.1254   -0.1594   -0.1211 
              q2 |   0.3589   -0.4827    0.0508    0.2272    0.2453    0.0216 
              q3 |   0.5690    0.2405   -0.1736    0.2922   -0.1189   -0.0752 
              q4 |   0.5837    0.0305   -0.1034    0.3857    0.0313    0.0501 
              q5 |   0.4262   -0.2023    0.4224   -0.0558   -0.0842   -0.1395 
              q6 |   0.2760   -0.4274   -0.0424    0.1777    0.2978    0.1133 
              q7 |   0.5113    0.3594   -0.1198    0.1315    0.0926   -0.1227 
              q8 |   0.7959    0.0532   -0.1343   -0.0551    0.1193   -0.1813 
              q9 |   0.7104   -0.2890   -0.0791    0.1208    0.0126   -0.1268 
             q10 |   0.4787   -0.2269   -0.0073   -0.0737    0.1562    0.2119 
             q11 |   0.6580    0.2471    0.1236   -0.0155   -0.0466   -0.1183 
             q12 |   0.1234    0.0540    0.3100   -0.0621   -0.0425    0.1394 
             q13 |   0.6538   -0.0211   -0.1864   -0.1091   -0.0406   -0.0247 
             q14 |   0.6025   -0.1401    0.1234   -0.4627    0.0645    0.0404 
             q15 |   0.5391   -0.1481   -0.0839   -0.0252   -0.3260    0.2136 
             q16 |   0.6355    0.0825   -0.0394   -0.4169   -0.0038    0.0048 
             q17 |   0.7597   -0.1337   -0.1903   -0.1993    0.0816   -0.0094 
             q18 |   0.4025   -0.4561    0.1545    0.0752    0.1039    0.0913 
             q19 |   0.1783    0.5296   -0.0167    0.0487    0.1952    0.1270 
             q20 |   0.4357    0.3356    0.0480    0.1165    0.1983    0.2134 
             q21 |   0.6588    0.0891   -0.2208   -0.0240   -0.1616    0.0782 
             q22 |   0.7903   -0.2045   -0.2044   -0.2242    0.0055   -0.0382 
             q23 |   0.4129   -0.2093    0.4362    0.1574   -0.0714   -0.0311 
             q24 |   0.5963    0.1476   -0.0952    0.3154   -0.2513    0.1517 
             q25 |   0.4823    0.4020    0.1444    0.0467    0.1940   -0.0554 
             q26 |   0.5171    0.4611    0.1047   -0.1794   -0.0124    0.1480 
             q27 |   0.5651    0.3666    0.3269    0.0765    0.0779   -0.1531 
             q28 |   0.4367   -0.0152    0.4123    0.0429   -0.1763    0.0863 
    --------------------------------------------------------------------------

    --------------------------------------------------------------------------
        Variable |  Factor7   Factor8   Factor9  Factor10  Factor11  Factor12 
    -------------+------------------------------------------------------------
              q1 |  -0.0371    0.1075    0.1282   -0.1601    0.0271    0.0773 
              q2 |   0.1824   -0.0631    0.0439   -0.1219    0.0314    0.0649 
              q3 |   0.2035    0.0966    0.0097    0.1826    0.0920   -0.0497 
              q4 |  -0.2240   -0.1268    0.0398    0.1361   -0.0822    0.0893 
              q5 |   0.0252   -0.0278   -0.0184   -0.0045    0.0346   -0.1150 
              q6 |   0.1409   -0.0182    0.0261   -0.0121   -0.0238   -0.0313 
              q7 |  -0.0955   -0.2719   -0.0660   -0.0178    0.0486    0.0081 
              q8 |  -0.0584    0.0526   -0.1664    0.0536   -0.0384    0.0349 
              q9 |  -0.0719    0.1226   -0.0162   -0.0866    0.0767   -0.0551 
             q10 |   0.1653   -0.0070   -0.1523    0.1222   -0.0696   -0.0661 
             q11 |   0.2148    0.0059    0.0636    0.0529   -0.1573    0.0935 
             q12 |  -0.1513    0.0364    0.1272    0.1045    0.1496    0.0584 
             q13 |  -0.1045    0.1646   -0.0678   -0.0397   -0.0432   -0.0459 
             q14 |   0.0387   -0.1229    0.1251    0.1143    0.0722    0.0647 
             q15 |   0.1873   -0.0382   -0.0439   -0.0836    0.0512    0.0562 
             q16 |  -0.0107   -0.0392   -0.0264   -0.0895   -0.0783    0.1211 
             q17 |  -0.0896    0.1284   -0.0416    0.0349    0.0543    0.0204 
             q18 |  -0.1207    0.0738    0.0014    0.0547    0.0208    0.0207 
             q19 |   0.0281    0.1270   -0.0478   -0.0068    0.0946    0.0807 
             q20 |  -0.1579   -0.0025    0.0290   -0.1538   -0.0435   -0.0240 
             q21 |   0.0098   -0.2593    0.0028   -0.0995    0.0458   -0.1104 
             q22 |  -0.0622   -0.0559    0.1266    0.0956   -0.0243   -0.0919 
             q23 |  -0.0843   -0.0965   -0.1845    0.0280    0.0640   -0.0056 
             q24 |   0.0045    0.0520    0.0518    0.0511   -0.0213    0.0256 
             q25 |   0.0479    0.0397    0.2075   -0.0263   -0.0306   -0.1385 
             q26 |   0.0273    0.0889   -0.0691   -0.0583    0.0587   -0.0730 
             q27 |   0.1265   -0.0185   -0.0326   -0.0518    0.0476    0.0709 
             q28 |  -0.0759    0.0543   -0.0069   -0.0145   -0.1839   -0.0418 
    --------------------------------------------------------------------------

    -----------------------------------------------------------
        Variable | Factor13  Factor14  Factor15 |   Uniqueness 
    -------------+------------------------------+--------------
              q1 |   0.0275   -0.0100    0.0379 |      0.3182  
              q2 |  -0.0076    0.0500    0.0104 |      0.4614  
              q3 |   0.0150    0.0269    0.0150 |      0.3868  
              q4 |   0.0047    0.0045   -0.0017 |      0.3943  
              q5 |   0.0647   -0.0161   -0.0242 |      0.5481  
              q6 |   0.0728    0.0306   -0.0328 |      0.5763  
              q7 |   0.0707    0.0513    0.0257 |      0.4557  
              q8 |  -0.0133   -0.0205    0.0225 |      0.2549  
              q9 |  -0.0686   -0.0128   -0.0114 |      0.3328  
             q10 |   0.0188   -0.0442    0.0278 |      0.5667  
             q11 |  -0.0018   -0.0285    0.0157 |      0.3867  
             q12 |   0.0765   -0.0109    0.0285 |      0.7768  
             q13 |   0.1750   -0.0285   -0.0279 |      0.4429  
             q14 |   0.0239    0.0053   -0.0216 |      0.3264  
             q15 |   0.0276   -0.0051    0.0266 |      0.4752  
             q16 |  -0.0230    0.0384   -0.0322 |      0.3798  
             q17 |  -0.0357    0.0797   -0.0020 |      0.2838  
             q18 |  -0.0874   -0.0596    0.0061 |      0.5463  
             q19 |  -0.0524   -0.0169   -0.0200 |      0.5927  
             q20 |   0.0382   -0.0500    0.0163 |      0.5407  
             q21 |  -0.0648   -0.0463   -0.0132 |      0.3784  
             q22 |  -0.0507   -0.0316    0.0133 |      0.1952  
             q23 |  -0.0232    0.0332   -0.0143 |      0.5074  
             q24 |  -0.0144    0.0105   -0.0659 |      0.4141  
             q25 |  -0.0204    0.0351   -0.0011 |      0.4726  
             q26 |  -0.0240    0.0532    0.0236 |      0.4253  
             q27 |  -0.0093   -0.0777   -0.0185 |      0.3702  
             q28 |  -0.0328    0.0612    0.0175 |      0.5491  
    -----------------------------------------------------------

. ssc install factortest 
checking factortest consistency and verifying not already installed...
all files already exist and are up to date.

. factortest q1 q2 q3 q4 q5 q6 q7 q8 q9 q10 q11 q12 q13 q14 q15 q16 q17 q18 q19
>  q20 q21 q22 q23 q24 q25 q26 q27 q28
    
Determinant of the correlation matrix
Det                =     0.000
 
 
Bartlett test of sphericity
    
Chi-square         =          2989.769
Degrees of freedom =               378
p-value            =             0.000
H0: variables are not intercorrelated
 
 
Kaiser-Meyer-Olkin Measure of Sampling Adequacy
KMO               =     0.894
 

. factor q1 q2 q3 q4 q5 q6 q7 q8 q9 q10 q11 q12 q13 q14 q15 q16 q17 q18 q19 q20
>  q21 q22 q23 q24 q25 q26 q27 q28, pcf
(obs=231)

Factor analysis/correlation                      Number of obs    =        231
    Method: principal-component factors          Retained factors =          5
    Rotation: (unrotated)                        Number of params =        130

    --------------------------------------------------------------------------
         Factor  |   Eigenvalue   Difference        Proportion   Cumulative
    -------------+------------------------------------------------------------
        Factor1  |      9.06449      6.27725            0.3237       0.3237
        Factor2  |      2.78724      1.12282            0.0995       0.4233
        Factor3  |      1.66442      0.14988            0.0594       0.4827
        Factor4  |      1.51454      0.33426            0.0541       0.5368
        Factor5  |      1.18028      0.18946            0.0422       0.5790
        Factor6  |      0.99082      0.06566            0.0354       0.6143
        Factor7  |      0.92516      0.10657            0.0330       0.6474
        Factor8  |      0.81859      0.02562            0.0292       0.6766
        Factor9  |      0.79298      0.04902            0.0283       0.7049
       Factor10  |      0.74395      0.03893            0.0266       0.7315
       Factor11  |      0.70503      0.05100            0.0252       0.7567
       Factor12  |      0.65403      0.03137            0.0234       0.7801
       Factor13  |      0.62266      0.04828            0.0222       0.8023
       Factor14  |      0.57439      0.02986            0.0205       0.8228
       Factor15  |      0.54452      0.02898            0.0194       0.8423
       Factor16  |      0.51554      0.02847            0.0184       0.8607
       Factor17  |      0.48707      0.03328            0.0174       0.8781
       Factor18  |      0.45379      0.03062            0.0162       0.8943
       Factor19  |      0.42317      0.04146            0.0151       0.9094
       Factor20  |      0.38171      0.04063            0.0136       0.9230
       Factor21  |      0.34108      0.00715            0.0122       0.9352
       Factor22  |      0.33392      0.02535            0.0119       0.9471
       Factor23  |      0.30857      0.01568            0.0110       0.9581
       Factor24  |      0.29289      0.03299            0.0105       0.9686
       Factor25  |      0.25990      0.01155            0.0093       0.9779
       Factor26  |      0.24835      0.04162            0.0089       0.9868
       Factor27  |      0.20673      0.04255            0.0074       0.9941
       Factor28  |      0.16418            .            0.0059       1.0000
    --------------------------------------------------------------------------
    LR test: independent vs. saturated: chi2(378) = 3003.37 Prob>chi2 = 0.0000

Factor loadings (pattern matrix) and unique variances

    ----------------------------------------------------------------
        Variable |  Factor1   Factor2   Factor3   Factor4   Factor5 
    -------------+--------------------------------------------------
              q1 |   0.6835   -0.3412   -0.0861    0.1006   -0.2117 
              q2 |   0.3728   -0.5434   -0.0107    0.3029    0.3122 
              q3 |   0.5842    0.2554   -0.2231    0.3126   -0.1925 
              q4 |   0.6002    0.0310   -0.1469    0.4515   -0.0450 
              q5 |   0.4465   -0.2397    0.5240   -0.0536   -0.1018 
              q6 |   0.2900   -0.5012   -0.1140    0.2603    0.4526 
              q7 |   0.5284    0.3938   -0.1537    0.1607    0.0505 
              q8 |   0.8033    0.0554   -0.1479   -0.0746    0.0859 
              q9 |   0.7231   -0.3003   -0.1114    0.1090   -0.0265 
             q10 |   0.5016   -0.2659   -0.0364   -0.1039    0.2870 
             q11 |   0.6750    0.2593    0.1155   -0.0166   -0.0491 
             q12 |   0.1333    0.0674    0.5194   -0.0662   -0.0149 
             q13 |   0.6734   -0.0193   -0.2101   -0.1713   -0.0584 
             q14 |   0.6141   -0.1456    0.1550   -0.5173    0.1383 
             q15 |   0.5594   -0.1656   -0.1063   -0.0853   -0.3904 
             q16 |   0.6504    0.0920   -0.0271   -0.4967    0.0419 
             q17 |   0.7677   -0.1311   -0.1895   -0.2362    0.0823 
             q18 |   0.4206   -0.5232    0.1704    0.1075    0.1496 
             q19 |   0.1879    0.6202   -0.0231    0.0978    0.3249 
             q20 |   0.4559    0.3821    0.0482    0.1858    0.2943 
             q21 |   0.6742    0.0966   -0.2467   -0.0646   -0.1922 
             q22 |   0.7911   -0.1973   -0.1907   -0.2545    0.0030 
             q23 |   0.4317   -0.2478    0.5182    0.2396   -0.1150 
             q24 |   0.6140    0.1574   -0.1282    0.3447   -0.3338 
             q25 |   0.5007    0.4441    0.1590    0.0957    0.2603 
             q26 |   0.5334    0.5017    0.1363   -0.2063    0.0394 
             q27 |   0.5800    0.3832    0.3334    0.1254    0.0933 
             q28 |   0.4578   -0.0250    0.5199    0.0818   -0.2245 
    ----------------------------------------------------------------

    ----------------------------
        Variable |   Uniqueness 
    -------------+--------------
              q1 |      0.3540  
              q2 |      0.3764  
              q3 |      0.4090  
              q4 |      0.4113  
              q5 |      0.4554  
              q6 |      0.3791  
              q7 |      0.5137  
              q8 |      0.3168  
              q9 |      0.3620  
             q10 |      0.5831  
             q11 |      0.4610  
             q12 |      0.7033  
             q13 |      0.4693  
             q14 |      0.2909  
             q15 |      0.4887  
             q16 |      0.3193  
             q17 |      0.2950  
             q18 |      0.4863  
             q19 |      0.4644  
             q20 |      0.5227  
             q21 |      0.4342  
             q22 |      0.2340  
             q23 |      0.4131  
             q24 |      0.3515  
             q25 |      0.4499  
             q26 |      0.4012  
             q27 |      0.3811  
             q28 |      0.4623  
    ----------------------------

. rotate

Factor analysis/correlation                      Number of obs    =        231
    Method: principal-component factors          Retained factors =          5
    Rotation: orthogonal varimax (Kaiser off)    Number of params =        130

    --------------------------------------------------------------------------
         Factor  |     Variance   Difference        Proportion   Cumulative
    -------------+------------------------------------------------------------
        Factor1  |      5.08840      1.73168            0.1817       0.1817
        Factor2  |      3.35672      0.30512            0.1199       0.3016
        Factor3  |      3.05160      0.64658            0.1090       0.4106
        Factor4  |      2.40502      0.09579            0.0859       0.4965
        Factor5  |      2.30923            .            0.0825       0.5790
    --------------------------------------------------------------------------
    LR test: independent vs. saturated: chi2(378) = 3003.37 Prob>chi2 = 0.0000

Rotated factor loadings (pattern matrix) and unique variances

    ----------------------------------------------------------------
        Variable |  Factor1   Factor2   Factor3   Factor4   Factor5 
    -------------+--------------------------------------------------
              q1 |   0.4508    0.5136   -0.1164    0.3149    0.2574 
              q2 |   0.1300    0.1308   -0.0515    0.7528    0.1426 
              q3 |   0.1819    0.6780    0.3124    0.0248    0.0073 
              q4 |   0.1181    0.6299    0.2695    0.3109    0.0933 
              q5 |   0.2796    0.0325    0.0135    0.1436    0.6668 
              q6 |   0.1204    0.0314   -0.0039    0.7777   -0.0248 
              q7 |   0.2277    0.4213    0.5039   -0.0024   -0.0549 
              q8 |   0.6241    0.3769    0.3265    0.2024    0.0644 
              q9 |   0.4779    0.4496    0.0203    0.4145    0.1878 
             q10 |   0.4677    0.0253    0.1029    0.4256    0.0763 
             q11 |   0.4183    0.3400    0.4205   -0.0344    0.2653 
             q12 |   0.0374   -0.1478    0.1707   -0.0842    0.4870 
             q13 |   0.6175    0.3543    0.1217    0.0943    0.0164 
             q14 |   0.7769   -0.1204    0.1104    0.1010    0.2619 
             q15 |   0.4687    0.4733   -0.1622   -0.0109    0.2030 
             q16 |   0.7846    0.0534    0.2188   -0.0741    0.0945 
             q17 |   0.7433    0.2703    0.1367    0.2433    0.0386 
             q18 |   0.2582    0.0727   -0.1079    0.5596    0.3420 
             q19 |  -0.0046    0.0385    0.7041   -0.1069   -0.1639 
             q20 |   0.1358    0.1879    0.6373    0.1260    0.0398 
             q21 |   0.5303    0.5113    0.1516   -0.0099    0.0091 
             q22 |   0.7782    0.3098    0.0517    0.2364    0.0774 
             q23 |   0.0677    0.1930    0.0502    0.2619    0.6885 
             q24 |   0.1713    0.7432    0.2013    0.0170    0.1613 
             q25 |   0.2003    0.1449    0.6841    0.0318    0.1414 
             q26 |   0.4205    0.1330    0.5624   -0.2532    0.1548 
             q27 |   0.2056    0.2219    0.6184   -0.0088    0.3807 
             q28 |   0.1616    0.2019    0.1369   -0.0037    0.6723 
    ----------------------------------------------------------------

    ----------------------------
        Variable |   Uniqueness 
    -------------+--------------
              q1 |      0.3540  
              q2 |      0.3764  
              q3 |      0.4090  
              q4 |      0.4113  
              q5 |      0.4554  
              q6 |      0.3791  
              q7 |      0.5137  
              q8 |      0.3168  
              q9 |      0.3620  
             q10 |      0.5831  
             q11 |      0.4610  
             q12 |      0.7033  
             q13 |      0.4693  
             q14 |      0.2909  
             q15 |      0.4887  
             q16 |      0.3193  
             q17 |      0.2950  
             q18 |      0.4863  
             q19 |      0.4644  
             q20 |      0.5227  
             q21 |      0.4342  
             q22 |      0.2340  
             q23 |      0.4131  
             q24 |      0.3515  
             q25 |      0.4499  
             q26 |      0.4012  
             q27 |      0.3811  
             q28 |      0.4623  
    ----------------------------

Factor rotation matrix

    -----------------------------------------------------------
                 | Factor1  Factor2  Factor3  Factor4  Factor5 
    -------------+---------------------------------------------
         Factor1 |  0.6855   0.5030   0.3517   0.2576   0.2950 
         Factor2 | -0.1313   0.0984   0.7350  -0.6304  -0.1883 
         Factor3 | -0.1743  -0.3730   0.1821  -0.0753   0.8897 
         Factor4 | -0.6936   0.5433   0.1898   0.4240   0.0889 
         Factor5 |  0.0364  -0.5504   0.5166   0.5923  -0.2792 
    -----------------------------------------------------------

. predict factor1 factor2 factor3 factor4 factor5
(regression scoring assumed)

Scoring coefficients (method = regression; based on varimax rotated factors)

    ----------------------------------------------------------------
        Variable |  Factor1   Factor2   Factor3   Factor4   Factor5 
    -------------+--------------------------------------------------
              q1 |  0.02416   0.18002  -0.15295   0.02241   0.05530 
              q2 | -0.07419  -0.03305   0.04461   0.37546  -0.01294 
              q3 | -0.09361   0.29335   0.02054  -0.04015  -0.05362 
              q4 | -0.14887   0.25030   0.05226   0.12048  -0.02391 
              q5 |  0.01157  -0.07286  -0.03980  -0.02290   0.33179 
              q6 | -0.04775  -0.09376   0.09733   0.42675  -0.10947 
              q7 | -0.03453   0.11174   0.14978   0.00326  -0.09410 
              q8 |  0.11046   0.01285   0.05783   0.03918  -0.08134 
              q9 |  0.02974   0.10598  -0.06128   0.11070  -0.00306 
             q10 |  0.11073  -0.14453   0.05797   0.19100  -0.05919 
             q11 |  0.03283   0.03767   0.08365  -0.07397   0.07681 
             q12 | -0.01763  -0.12343   0.06497  -0.06096   0.27708 
             q13 |  0.15048   0.04956  -0.04898  -0.04422  -0.08535 
             q14 |  0.27824  -0.25587  -0.00190  -0.03202   0.04963 
             q15 |  0.08824   0.20050  -0.21514  -0.16161   0.05989 
             q16 |  0.27648  -0.15233   0.00262  -0.11909  -0.03863 
             q17 |  0.19480  -0.04267  -0.01912   0.03523  -0.10079 
             q18 | -0.00603  -0.06449  -0.02406   0.22777   0.11103 
             q19 | -0.04737  -0.07893   0.32277   0.05655  -0.11925 
             q20 | -0.06459  -0.04262   0.27583   0.12405  -0.04391 
             q21 |  0.09593   0.16256  -0.06760  -0.10607  -0.07476 
             q22 |  0.20577  -0.01302  -0.07280   0.00597  -0.07853 
             q23 | -0.12324   0.03866  -0.01218   0.05423   0.34907 
             q24 | -0.11573   0.34770  -0.05161  -0.08339   0.04004 
             q25 | -0.03552  -0.07925   0.27986   0.06402   0.01534 
             q26 |  0.09811  -0.07562   0.15931  -0.14243   0.03492 
             q27 | -0.06367  -0.02751   0.21659  -0.00336   0.15652 
             q28 | -0.06304   0.04205  -0.01993  -0.09462   0.35244 
    ----------------------------------------------------------------


. sum

    Variable |        Obs        Mean    Std. Dev.       Min        Max
-------------+---------------------------------------------------------
          q1 |        239    4.719665    1.411563          1          7
          q2 |        238    4.781513    1.391109          1          7
          q3 |        238    4.928571    1.157959          1          7
          q4 |        239    4.790795    1.242693          1          7
          q5 |        239    3.405858    1.315122          1          7
-------------+---------------------------------------------------------
          q6 |        239    5.276151    1.386874          1          7
          q7 |        239    4.987448    1.101875          1          7
          q8 |        239    5.213389    1.277006          1          7
          q9 |        239    5.313808     1.24931          1          7
         q10 |        239    4.443515    1.453751          1          7
-------------+---------------------------------------------------------
         q11 |        238    4.079832     1.54467          1          7
         q12 |        237    3.864979    1.422696          1          7
         q13 |        239    5.430962    1.303858          2          7
         q14 |        239    4.895397    1.574995          1          7
         q15 |        238    4.638655    1.772891          1          7
-------------+---------------------------------------------------------
         q16 |        239    4.619247    1.756562          1          7
         q17 |        239    5.456067    1.255724          1          7
         q18 |        238    3.957983    1.410599          1          7
         q19 |        238    4.747899    1.376221          1          7
         q20 |        239    4.949791    1.259247          1          7
-------------+---------------------------------------------------------
         q21 |        238    5.407563    1.241794          1          7
         q22 |        239    5.368201    1.330948          1          7
         q23 |        239    3.707113    1.437052          1          7
         q24 |        239    4.820084    1.308125          1          7
         q25 |        239    4.866109    1.374613          1          7
-------------+---------------------------------------------------------
         q26 |        239    4.895397    1.405848          1          7
         q27 |        239    4.066946    1.333046          1          7
         q28 |        239    4.087866    1.448202          1          7
     factor1 |        231    2.56e-10           1  -3.092637   2.968081
     factor2 |        231    2.49e-09           1  -3.186895   2.518872
-------------+---------------------------------------------------------
     factor3 |        231   -9.68e-11           1  -3.030727    2.18054
     factor4 |        231    2.77e-11           1  -3.547258    2.24797
     factor5 |        231   -9.84e-10           1   -3.46654   3.151295

. recode factor1 (min/-2.2=1) (-2.2/-1.4=2) (-1.4/-0.5=3) (-0.5/0=4) (0/1.5=5) 
> (1.5/2.5=6) (2.5/max=7), gen(factor1_rescaled)
(231 differences between factor1 and factor1_rescaled)

. recode factor2 (min/-2.2=1) (-2.2/-1.4=2) (-1.4/-0.5=3) (-0.5/0=4) (0/1.5=5) 
> (1.5/2.5=6) (2.5/max=7), gen(factor2_rescaled)
(231 differences between factor2 and factor2_rescaled)

. recode factor3 (min/-2.2=1) (-2.2/-1.4=2) (-1.4/-0.5=3) (-0.5/0=4) (0/1.5=5) 
> (1.5/2.5=6) (2.5/max=7), gen(factor3_rescaled)
(231 differences between factor3 and factor3_rescaled)

. recode factor4 (min/-2.2=1) (-2.2/-1.4=2) (-1.4/-0.5=3) (-0.5/0=4) (0/1.5=5) 
> (1.5/2.5=6) (2.5/max=7), gen(factor4_rescaled)
(231 differences between factor4 and factor4_rescaled)

. recode factor5 (min/-2.2=1) (-2.2/-1.4=2) (-1.4/-0.5=3) (-0.5/0=4) (0/1.5=5) 
> (1.5/2.5=6) (2.5/max=7), gen(factor5_rescaled)
(231 differences between factor5 and factor5_rescaled)

. save "TOSSE-R-edited-drankou.dta", replace
(note: file TOSSE-R-edited-drankou.dta not found)
file TOSSE-R-edited-drankou.dta saved

. 
end of do-file
